// Jest Snapshot v1, https://goo.gl/fbAQLP

exports[`renders correctly 1`] = `
<View
  style={
    {
      "borderRadius": 40,
      "borderWidth": 1,
      "flex": 1,
      "margin": 20,
      "padding": 5,
    }
  }
>
  <Text
    style={
      {
        "fontSize": 40,
        "padding": 10,
      }
    }
  >
      
  </Text>
  <Text
    style={
      {
        "fontSize": 30,
        "marginTop": 10,
        "padding": 20,
      }
    }
  />
  <View
    style={
      {
        "flexDirection": "row",
        "marginLeft": 80,
        "marginTop": 150,
        "padding": 10,
      }
    }
  >
    <View
      accessible={true}
      collapsable={false}
      focusable={true}
      onClick={[Function]}
      onResponderGrant={[Function]}
      onResponderMove={[Function]}
      onResponderRelease={[Function]}
      onResponderTerminate={[Function]}
      onResponderTerminationRequest={[Function]}
      onStartShouldSetResponder={[Function]}
      style={
        {
          "opacity": 1,
        }
      }
    >
      <Text />
    </View>
    <Text>
                               
    </Text>
    <View
      accessible={true}
      collapsable={false}
      focusable={true}
      onClick={[Function]}
      onResponderGrant={[Function]}
      onResponderMove={[Function]}
      onResponderRelease={[Function]}
      onResponderTerminate={[Function]}
      onResponderTerminationRequest={[Function]}
      onStartShouldSetResponder={[Function]}
      style={
        {
          "opacity": 1,
        }
      }
    >
      <Text />
    </View>
  </View>
  <View
    style={
      {
        "marginLeft": 160,
        "marginTop": 120,
      }
    }
  >
    <View
      accessible={true}
      collapsable={false}
      focusable={true}
      onClick={[Function]}
      onResponderGrant={[Function]}
      onResponderMove={[Function]}
      onResponderRelease={[Function]}
      onResponderTerminate={[Function]}
      onResponderTerminationRequest={[Function]}
      onStartShouldSetResponder={[Function]}
      style={
        {
          "opacity": 1,
        }
      }
    >
      <Text />
    </View>
  </View>
</View>
`;
