// Jest Snapshot v1, https://goo.gl/fbAQLP

exports[`renders correctly 1`] = `
<View
  style={
    {
      "margin": 10,
    }
  }
>
  <View
    style={
      {
        "flexDirection": "row",
      }
    }
  >
    <View
      style={
        {
          "marginTop": 15,
        }
      }
    >
      <Text />
    </View>
    <TextInput
      onChangeText={[Function]}
      placeholder="First name"
      style={
        {
          "borderWidth": 1,
          "margin": 10,
          "padding": 10,
          "width": 300,
        }
      }
    />
  </View>
  <TextInput
    onChangeText={[Function]}
    placeholder="Last name"
    style={
      {
        "borderWidth": 1,
        "margin": 10,
        "marginLeft": 50,
        "padding": 10,
        "width": 300,
      }
    }
  />
  <View
    style={
      {
        "flexDirection": "row",
      }
    }
  >
    <View
      style={
        {
          "marginTop": 15,
        }
      }
    >
      <Text />
    </View>
    <TextInput
      keyboardType="numeric"
      onChangeText={[Function]}
      placeholder="Phone no."
      style={
        {
          "borderWidth": 1,
          "margin": 10,
          "padding": 10,
          "width": 300,
        }
      }
    />
  </View>
  <View
    style={
      {
        "margin": 20,
        "marginLeft": 50,
        "padding": 20,
        "width": 300,
      }
    }
  >
    <View
      accessibilityRole="button"
      accessible={true}
      collapsable={false}
      focusable={true}
      onClick={[Function]}
      onResponderGrant={[Function]}
      onResponderMove={[Function]}
      onResponderRelease={[Function]}
      onResponderTerminate={[Function]}
      onResponderTerminationRequest={[Function]}
      onStartShouldSetResponder={[Function]}
      style={
        {
          "opacity": 1,
        }
      }
    >
      <View
        style={
          [
            {},
          ]
        }
      >
        <Text
          style={
            [
              {
                "color": "#007AFF",
                "fontSize": 18,
                "margin": 8,
                "textAlign": "center",
              },
              {
                "color": "#3366ff",
              },
            ]
          }
        >
          Save
        </Text>
      </View>
    </View>
  </View>
</View>
`;
